{
   "memory": [
      {
         "range": "0x0000000000000000-0x0000000037ffffff",
         "size": 939524096,
         "state": "online",
         "removable": true,
         "block": "0-6"
      },{
         "range": "0x0000000100000000-0x00000004afffffff",
         "size": 15837691904,
         "state": "online",
         "removable": true,
         "block": "32-149"
      }
   ]
}
